E
======================================================================
ERROR: test_infer (unittest.loader._FailedTest.test_infer)
----------------------------------------------------------------------
ImportError: Failed to import test module: test_infer
Traceback (most recent call last):
  File "C:\Program Files\Python313\Lib\unittest\loader.py", line 137, in loadTestsFromName
    module = __import__(module_name)
  File "C:\Users\mohanarangan\hey-dongle\tests\test_infer.py", line 4, in <module>
    from hey_dongle import config
ImportError: cannot import name 'config' from 'hey_dongle' (C:\Users\mohanarangan\hey-dongle\hey_dongle\__init__.py)


----------------------------------------------------------------------
Ran 1 test in 0.000s

FAILED (errors=1)
